// Vitest Snapshot v1, https://vitest.dev/guide/snapshot.html

exports[`serializeCharacter snapshot lock (#1003) > multiclass caster with inventory, conditions, buffs and over-cap advancements 1`] = `
{
  "abilityScores": {
    "charisma": 8,
    "constitution": 12,
    "dexterity": 12,
    "intelligence": 16,
    "strength": 10,
    "wisdom": 10,
  },
  "activeEffects": {
    "buffs": [
      {
        "duration": "until-rest",
        "id": "buff-charm",
        "key": "item:inv-charm",
        "modifier": 10,
        "restType": "long",
        "source": "Charm of the Snapshot",
        "sourceEntryId": undefined,
        "target": "speed",
      },
      {
        "duration": "concentration",
        "id": "buff-chant",
        "key": "spell:sp-chant",
        "modifier": 2,
        "rollEffects": [
          {
            "ability": "strength",
            "kind": "save",
            "mode": "advantage",
          },
        ],
        "source": "Heroic Chant",
        "sourceEntryId": undefined,
        "target": "athletics",
      },
    ],
  },
  "advancementSlots": {
    "total": 1,
    "used": 1,
  },
  "advancements": [
    {
      "abilityDeltas": {},
      "featDescription": "Sturdy.",
      "featName": "Tough",
      "hpDelta": 0,
      "id": "adv-tough",
      "improvements": [
        {
          "amount": 2,
          "perLevel": true,
          "target": "maxHp",
        },
      ],
      "initDelta": 0,
      "kind": "feat",
      "level": 4,
    },
  ],
  "alignment": "Neutral Good",
  "armorClass": 14,
  "armorClassBreakdown": [
    {
      "label": "Snapshot Leather",
      "value": 11,
    },
    {
      "label": "Dex",
      "value": 1,
    },
    {
      "label": "Shield",
      "value": 2,
    },
  ],
  "armorProficiencies": [],
  "attacksPerAction": 1,
  "availableActions": [],
  "background": "",
  "campaignId": undefined,
  "campaignPreferences": undefined,
  "class": "wizard",
  "classes": [
    {
      "classId": undefined,
      "id": "ce-snap-wiz",
      "level": 5,
      "name": "wizard",
      "subclass": undefined,
      "subclassId": undefined,
    },
    {
      "classId": "class-snap-fighter",
      "id": "ce-snap-ftr",
      "level": 1,
      "name": "Test Fighter (Snapshot Suite)",
      "subclass": undefined,
      "subclassId": undefined,
    },
  ],
  "conditionImmunities": [],
  "conditions": {
    "active": [
      {
        "appliedAt": "2026-01-02T03:04:05.000Z",
        "key": "poisoned",
        "source": "Spider bite",
      },
    ],
    "exhaustion": 2,
  },
  "currency": {
    "cp": 1,
    "gp": 3,
    "pp": 4,
    "sp": 2,
  },
  "currentLevelThreshold": 14000,
  "damageImmunities": [],
  "experiencePoints": 14000,
  "grantedAdvantages": [],
  "grantedProficiencies": [],
  "hitDice": {
    "die": "d6",
    "spent": 1,
    "total": 5,
  },
  "hitPoints": {
    "current": 22,
    "deathSaves": {
      "failures": 0,
      "successes": 0,
    },
    "max": 32,
    "temp": 3,
  },
  "id": "snap-char-multi",
  "improvisedWeapon": {
    "attackBonus": 0,
    "damage": {
      "count": 1,
      "damageType": "bludgeoning",
      "faces": 4,
      "modifier": 0,
    },
    "proficient": false,
  },
  "initiativeBonus": 1,
  "inventory": [
    {
      "activated": undefined,
      "armor": undefined,
      "attuned": false,
      "attunementPrereqKind": undefined,
      "attunementPrereqValue": undefined,
      "capabilities": undefined,
      "category": "weapon",
      "charges": undefined,
      "consumable": undefined,
      "cost": undefined,
      "description": undefined,
      "equipped": true,
      "equippedSlot": "MAIN_HAND",
      "id": "inv-sword",
      "itemId": undefined,
      "name": "Snapshot Longsword",
      "notes": undefined,
      "quantity": 1,
      "rarity": undefined,
      "requiresAttunement": false,
      "slot": undefined,
      "weapon": {
        "ammunition": false,
        "attackBonus": 0,
        "damage": {
          "abilityModifier": 0,
          "damageDiceCount": 1,
          "damageDiceFaces": 8,
          "damageModifier": 0,
          "damageType": "slashing",
          "grip": "one-handed",
        },
        "damageDiceCount": 1,
        "damageDiceFaces": 8,
        "damageModifier": 0,
        "damageType": "slashing",
        "finesse": false,
        "heavy": false,
        "light": false,
        "rangeLong": undefined,
        "rangeNormal": undefined,
        "reach": false,
        "thrown": false,
        "twoHanded": false,
        "versatileDiceCount": 1,
        "versatileDiceFaces": 10,
        "weaponClass": "martial",
        "weaponRange": "melee",
      },
      "weight": undefined,
    },
    {
      "activated": undefined,
      "armor": {
        "armorCategory": "shield",
        "baseArmorClass": 2,
        "dexModifierApplies": false,
        "dexModifierMax": undefined,
        "stealthDisadvantage": false,
        "strengthRequirement": undefined,
      },
      "attuned": false,
      "attunementPrereqKind": undefined,
      "attunementPrereqValue": undefined,
      "capabilities": undefined,
      "category": "armor",
      "charges": undefined,
      "consumable": undefined,
      "cost": undefined,
      "description": undefined,
      "equipped": true,
      "equippedSlot": "OFF_HAND",
      "id": "inv-shield",
      "itemId": undefined,
      "name": "Snapshot Shield",
      "notes": undefined,
      "quantity": 1,
      "rarity": undefined,
      "requiresAttunement": false,
      "slot": undefined,
      "weapon": undefined,
      "weight": undefined,
    },
    {
      "activated": undefined,
      "armor": {
        "armorCategory": "light",
        "baseArmorClass": 11,
        "dexModifierApplies": true,
        "dexModifierMax": undefined,
        "stealthDisadvantage": false,
        "strengthRequirement": undefined,
      },
      "attuned": false,
      "attunementPrereqKind": undefined,
      "attunementPrereqValue": undefined,
      "capabilities": undefined,
      "category": "armor",
      "charges": undefined,
      "consumable": undefined,
      "cost": undefined,
      "description": undefined,
      "equipped": true,
      "equippedSlot": "BODY",
      "id": "inv-armor",
      "itemId": undefined,
      "name": "Snapshot Leather",
      "notes": undefined,
      "quantity": 1,
      "rarity": undefined,
      "requiresAttunement": false,
      "slot": undefined,
      "weapon": undefined,
      "weight": undefined,
    },
    {
      "activated": {
        "activation": "bonus",
        "active": true,
        "available": true,
        "maxUses": 1,
        "remainingUses": 0,
        "reminder": "Bonus action · lasts 10 minutes (toggle off manually)",
      },
      "armor": undefined,
      "attuned": false,
      "attunementPrereqKind": undefined,
      "attunementPrereqValue": undefined,
      "capabilities": [
        {
          "kind": "passiveBonus",
          "op": "add",
          "target": "skill",
          "targetKey": "athletics",
          "value": 1,
        },
        {
          "activatedDuration": "untilRest",
          "activation": "bonus",
          "durationText": "10 minutes",
          "kind": "activatedEffect",
          "op": "add",
          "resourceCharges": 1,
          "resourceKind": "perRest",
          "resourcePeriod": "long",
          "target": "speed",
          "value": 10,
        },
      ],
      "category": "gear",
      "charges": undefined,
      "consumable": undefined,
      "cost": undefined,
      "description": undefined,
      "equipped": true,
      "equippedSlot": "NECK",
      "id": "inv-charm",
      "itemId": undefined,
      "name": "Charm of the Snapshot",
      "notes": undefined,
      "quantity": 1,
      "rarity": "RARE",
      "requiresAttunement": false,
      "slot": "NECK",
      "weapon": undefined,
      "weight": undefined,
    },
    {
      "activated": undefined,
      "armor": undefined,
      "attuned": false,
      "attunementPrereqKind": undefined,
      "attunementPrereqValue": undefined,
      "capabilities": undefined,
      "category": "consumable",
      "charges": undefined,
      "consumable": {
        "effectDescription": "Heals 2d4+2.",
        "effectDiceCount": 2,
        "effectDiceFaces": 4,
        "effectModifier": 2,
        "maxUses": 1,
        "usesRemaining": 1,
      },
      "cost": undefined,
      "description": undefined,
      "equipped": false,
      "equippedSlot": undefined,
      "id": "inv-potion",
      "itemId": undefined,
      "name": "Potion of Snapshots",
      "notes": undefined,
      "quantity": 2,
      "rarity": undefined,
      "requiresAttunement": false,
      "slot": undefined,
      "weapon": undefined,
      "weight": undefined,
    },
  ],
  "journal": [
    {
      "body": "We reached the tower.",
      "date": "2026-01-05T00:00:00.000Z",
      "id": "snap-j1",
      "kind": "ENTRY",
      "loggedAt": "2026-01-05T18:30:00.000Z",
      "sessionId": undefined,
      "visibility": "PRIVATE",
    },
    {
      "body": "Buy more ink.",
      "date": "2026-01-03T00:00:00.000Z",
      "id": "snap-j2",
      "kind": "NOTE",
      "loggedAt": "2026-01-03T12:00:00.000Z",
      "sessionId": undefined,
      "visibility": "CAMPAIGN",
    },
  ],
  "level": 6,
  "name": "Snapshot Multiclass Caster",
  "nextLevelThreshold": 23000,
  "ownerId": "owner-serialize-snapshot",
  "pendingLevelUps": 1,
  "portraitUrl": undefined,
  "proficiencyBonus": 3,
  "race": "Elf",
  "resistances": [],
  "resources": {
    "choicesKnown": {},
    "cloakOfShadowsAvailable": undefined,
    "disciplineChoiceCount": undefined,
    "disciplineSaveDC": undefined,
    "disciplinesKnown": [],
    "features": [
      {
        "description": "Once per day when finishing a short rest, choose expended spell slots to recover. Total levels of slots recovered can be up to half your wizard level (rounded up, max 5th-level slots).",
        "level": 1,
        "name": "Arcane Recovery",
        "source": "class",
      },
      {
        "description": "You cast spells using Intelligence. Full-caster progression. You copy spells into your spellbook and prepare a number equal to your Intelligence modifier + your wizard level (minimum 1) after each long rest.",
        "level": 1,
        "name": "Spellcasting",
        "source": "class",
      },
    ],
    "fightingStyle": null,
    "fightingStyleChoiceCount": 0,
    "maneuverChoiceCount": undefined,
    "maneuverSaveDC": undefined,
    "maneuversKnown": [],
    "pools": [
      {
        "description": "Once per day when finishing a short rest, recover expended spell slots totalling up to half your wizard level (rounded up), none above 5th level. Regained on a long rest.",
        "die": undefined,
        "key": "arcaneRecovery",
        "label": "Arcane Recovery",
        "recharge": "longRest",
        "remaining": 1,
        "total": 1,
        "used": 0,
      },
    ],
    "shadowArtsAvailable": undefined,
    "subclassChoices": [],
    "toolProfChoiceCount": undefined,
    "toolProficienciesKnown": [],
  },
  "rollModifiers": [
    {
      "kind": "attack",
      "mode": "disadvantage",
      "source": "Poisoned",
    },
    {
      "kind": "check",
      "mode": "disadvantage",
      "source": "Poisoned",
    },
    {
      "kind": "attack",
      "mode": "flat",
      "modifier": -4,
      "source": "Exhaustion",
    },
    {
      "kind": "check",
      "mode": "flat",
      "modifier": -4,
      "source": "Exhaustion",
    },
    {
      "kind": "save",
      "mode": "flat",
      "modifier": -4,
      "source": "Exhaustion",
    },
    {
      "kind": "initiative",
      "mode": "flat",
      "modifier": -4,
      "source": "Exhaustion",
    },
    {
      "ability": "strength",
      "kind": "save",
      "mode": "advantage",
      "source": "Heroic Chant",
    },
  ],
  "savingThrowProficiencies": [
    "intelligence",
    "wisdom",
  ],
  "skills": [
    {
      "ability": "strength",
      "name": "athletics",
      "proficient": false,
      "tempModifier": 3,
      "tempModifierSources": [
        {
          "label": "Heroic Chant",
          "value": 2,
        },
        {
          "label": "Charm of the Snapshot",
          "value": 1,
        },
      ],
    },
    {
      "ability": "intelligence",
      "name": "arcana",
      "proficient": true,
    },
    {
      "ability": "wisdom",
      "name": "animalHandling",
      "proficient": false,
    },
  ],
  "sneakAttack": null,
  "speed": 30,
  "spellcasting": {
    "ability": "intelligence",
    "arcana": [],
    "classes": [
      {
        "ability": "intelligence",
        "casterFraction": "full",
        "className": "wizard",
        "spellAttackBonus": 6,
        "spellSaveDC": 14,
        "subclass": null,
      },
    ],
    "concentratingOn": {
      "entryId": "sp-fireball",
      "spellName": "Fireball",
    },
    "pact": null,
    "preparedSpellCount": 1,
    "preparedSpellLimit": 9,
    "slots": [
      {
        "level": 1,
        "total": 4,
        "used": 2,
      },
      {
        "level": 2,
        "total": 3,
        "used": 1,
      },
      {
        "level": 3,
        "total": 2,
        "used": 2,
      },
    ],
    "spellAttackBonus": 6,
    "spellSaveDC": 14,
    "spells": [
      {
        "castingTime": "1 action",
        "description": "Boom.",
        "duration": "Instantaneous",
        "id": "sp-fireball",
        "level": 3,
        "name": "Fireball",
        "prepared": true,
        "range": "150 feet",
        "school": "evocation",
      },
      {
        "castingTime": "1 action",
        "description": "AC 13 + Dex.",
        "duration": "8 hours",
        "id": "sp-mage-armor",
        "level": 1,
        "name": "Mage Armor",
        "prepared": false,
        "range": "Touch",
        "school": "abjuration",
      },
    ],
  },
  "subclass": undefined,
  "subclassId": undefined,
  "toolProficiencies": [
    {
      "category": "other",
      "name": "Herbalism Kit",
      "source": "background",
    },
  ],
  "unarmedStrike": {
    "attackBonus": 3,
    "damage": {
      "count": 1,
      "damageType": "bludgeoning",
      "faces": 1,
      "modifier": 0,
    },
    "magical": false,
  },
  "weaponProficiencies": [],
}
`;

exports[`serializeCharacter snapshot lock (#1003) > single-class non-caster control with resource clamps 1`] = `
{
  "abilityScores": {
    "charisma": 8,
    "constitution": 14,
    "dexterity": 14,
    "intelligence": 10,
    "strength": 16,
    "wisdom": 12,
  },
  "activeEffects": {
    "buffs": [],
  },
  "advancementSlots": {
    "total": 1,
    "used": 1,
  },
  "advancements": [
    {
      "abilityDeltas": {
        "strength": 2,
      },
      "hpDelta": 0,
      "id": "adv-asi",
      "initDelta": 0,
      "kind": "asi",
      "level": 4,
    },
  ],
  "alignment": "Lawful Good",
  "armorClass": 12,
  "armorClassBreakdown": [
    {
      "label": "Unarmored",
      "value": 10,
    },
    {
      "label": "Dex",
      "value": 2,
    },
  ],
  "armorProficiencies": [],
  "attacksPerAction": 2,
  "availableActions": [
    {
      "cost": "bonusAction",
      "enabled": true,
      "key": "secondWind",
      "name": "Second Wind",
    },
    {
      "cost": "special",
      "enabled": true,
      "key": "actionSurge",
      "name": "Action Surge",
    },
  ],
  "background": "",
  "campaignId": undefined,
  "campaignPreferences": undefined,
  "class": "fighter",
  "classes": [
    {
      "classId": undefined,
      "id": "ce-snap-simple",
      "level": 5,
      "name": "fighter",
      "subclass": "battle master",
      "subclassId": undefined,
    },
  ],
  "conditionImmunities": [],
  "conditions": {
    "active": [],
    "exhaustion": 0,
  },
  "currency": {
    "cp": 0,
    "gp": 0,
    "pp": 0,
    "sp": 0,
  },
  "currentLevelThreshold": 6500,
  "damageImmunities": [],
  "experiencePoints": 6500,
  "grantedAdvantages": [],
  "grantedProficiencies": [],
  "hitDice": {
    "die": "d10",
    "spent": 2,
    "total": 5,
  },
  "hitPoints": {
    "current": 44,
    "deathSaves": {
      "failures": 0,
      "successes": 0,
    },
    "max": 44,
    "temp": 0,
  },
  "id": "snap-char-simple",
  "improvisedWeapon": {
    "attackBonus": 3,
    "damage": {
      "count": 1,
      "damageType": "bludgeoning",
      "faces": 4,
      "modifier": 3,
    },
    "proficient": false,
  },
  "initiativeBonus": 0,
  "inventory": [],
  "journal": [],
  "level": 5,
  "name": "Snapshot Simple Fighter",
  "nextLevelThreshold": 14000,
  "ownerId": "owner-serialize-snapshot",
  "pendingLevelUps": 0,
  "portraitUrl": undefined,
  "proficiencyBonus": 3,
  "race": "",
  "resistances": [],
  "resources": {
    "choicesKnown": {},
    "cloakOfShadowsAvailable": undefined,
    "disciplineChoiceCount": undefined,
    "disciplineSaveDC": undefined,
    "disciplinesKnown": [],
    "features": [
      {
        "description": "Choose a fighting style specialty: Archery (+2 ranged attack rolls), Defense (+1 AC in armor), Dueling (+2 melee damage when only wielding one weapon), Great Weapon Fighting (reroll 1s and 2s on damage with two-handed weapons), Protection (impose disadvantage on attacks against adjacent allies), or Two-Weapon Fighting (add ability modifier to off-hand damage).",
        "level": 1,
        "name": "Fighting Style",
        "source": "class",
      },
      {
        "description": "As a bonus action, regain 1d10 + your fighter level HP. Regain use on a short or long rest.",
        "level": 1,
        "name": "Second Wind",
        "source": "class",
      },
      {
        "description": "Take one additional action on your turn. Regain use(s) on a short or long rest. You have 2 uses starting at level 17.",
        "level": 2,
        "name": "Action Surge",
        "source": "class",
      },
      {
        "description": "You learn maneuvers fueled by superiority dice (d8s). You have 4 dice and regain all expended dice on a short or long rest. Maneuvers can only be used once per attack unless otherwise stated.",
        "level": 3,
        "name": "Combat Superiority",
        "source": "subclass",
      },
      {
        "description": "You gain proficiency with one type of artisan's tools of your choice.",
        "level": 3,
        "name": "Student of War",
        "source": "subclass",
      },
      {
        "description": "You can attack twice when taking the Attack action. Three times at level 11; four times at level 20.",
        "level": 5,
        "name": "Extra Attack",
        "source": "class",
      },
    ],
    "fightingStyle": "defense",
    "fightingStyleChoiceCount": 1,
    "maneuverChoiceCount": 3,
    "maneuverSaveDC": 14,
    "maneuversKnown": [
      {
        "description": "Counter.",
        "id": "m1",
        "name": "Riposte",
      },
      {
        "description": "Prone.",
        "id": "m2",
        "name": "Trip Attack",
      },
      {
        "description": "Frighten.",
        "id": "m3",
        "name": "Menacing Attack",
      },
    ],
    "pools": [
      {
        "description": "Bonus action: regain 1d10 + 5 HP. Regain use on a short or long rest.",
        "die": undefined,
        "key": "secondWind",
        "label": "Second Wind",
        "recharge": "shortRest",
        "remaining": 1,
        "total": 1,
        "used": 0,
      },
      {
        "description": "Take one additional action on your turn. Regain use(s) on a short or long rest.",
        "die": undefined,
        "key": "actionSurge",
        "label": "Action Surge",
        "recharge": "shortRest",
        "remaining": 1,
        "total": 1,
        "used": 0,
      },
      {
        "description": "Spend to fuel maneuvers. Maneuver save DC 14. Regain all on a short or long rest.",
        "die": "d8",
        "key": "superiorityDice",
        "label": "Superiority Dice",
        "recharge": "short-or-long",
        "remaining": 0,
        "total": 4,
        "used": 4,
      },
    ],
    "shadowArtsAvailable": undefined,
    "subclassChoices": [],
    "toolProfChoiceCount": 1,
    "toolProficienciesKnown": [
      {
        "id": "tp1",
        "name": "Smith's Tools",
      },
    ],
  },
  "rollModifiers": [],
  "savingThrowProficiencies": [
    "strength",
    "constitution",
  ],
  "skills": [
    {
      "ability": "strength",
      "name": "athletics",
      "proficient": true,
    },
    {
      "ability": "charisma",
      "name": "intimidation",
      "proficient": false,
    },
  ],
  "sneakAttack": null,
  "speed": 30,
  "spellcasting": undefined,
  "subclass": "battle master",
  "subclassId": undefined,
  "toolProficiencies": [
    {
      "category": "artisan",
      "name": "Smith's Tools",
      "source": "subclass",
    },
  ],
  "unarmedStrike": {
    "attackBonus": 6,
    "damage": {
      "count": 1,
      "damageType": "bludgeoning",
      "faces": 1,
      "modifier": 3,
    },
    "magical": false,
  },
  "weaponProficiencies": [],
}
`;
