// Vitest Snapshot v1, https://vitest.dev/guide/snapshot.html

exports[`serializeCharacter snapshot lock (#1003) > multiclass caster with inventory, conditions, buffs and over-cap advancements 1`] = `
{
  "abilityScores": {
    "charisma": 8,
    "constitution": 12,
    "dexterity": 12,
    "intelligence": 16,
    "strength": 10,
    "wisdom": 10,
  },
  "activeEffects": {
    "buffs": [
      {
        "duration": "until-rest",
        "id": "buff-charm",
        "key": "item:inv-charm",
        "modifier": 10,
        "restType": "long",
        "source": "Charm of the Snapshot",
        "sourceEntryId": undefined,
        "target": "speed",
      },
      {
        "duration": "concentration",
        "id": "buff-chant",
        "key": "spell:sp-chant",
        "modifier": 2,
        "rollEffects": [
          {
            "ability": "strength",
            "kind": "save",
            "mode": "advantage",
          },
        ],
        "source": "Heroic Chant",
        "sourceEntryId": undefined,
        "target": "athletics",
      },
    ],
  },
  "advancementSlots": {
    "total": 1,
    "used": 1,
  },
  "advancements": [
    {
      "abilityDeltas": {},
      "featDescription": "Sturdy.",
      "featName": "Tough",
      "hpDelta": 0,
      "id": "adv-tough",
      "improvements": [
        {
          "amount": 2,
          "perLevel": true,
          "target": "maxHp",
        },
      ],
      "initDelta": 0,
      "kind": "feat",
      "level": 4,
    },
  ],
  "alignment": "Neutral Good",
  "armorClass": 14,
  "armorClassBreakdown": [
    {
      "label": "Snapshot Leather",
      "value": 11,
    },
    {
      "label": "Dex",
      "value": 1,
    },
    {
      "label": "Shield",
      "value": 2,
    },
  ],
  "armorProficiencies": [],
  "attackRows": [
    {
      "attackComponents": {
        "ability": "strength",
        "abilityMod": 0,
        "attackRollBonus": 0,
        "proficiencyBonus": 0,
        "rangedBonus": 0,
      },
      "attackSpec": {
        "count": 1,
        "faces": 20,
        "modifier": 0,
      },
      "damageComponents": {
        "ability": "strength",
        "abilityMod": 0,
        "meleeDamageBonus": 0,
      },
      "damageRiders": [],
      "damageSpec": {
        "count": 1,
        "faces": 8,
        "modifier": 0,
      },
      "damageType": "slashing",
      "grip": "one-handed",
      "id": "inv-sword",
      "kind": "weapon",
      "magical": false,
      "name": "Snapshot Longsword",
      "offHand": false,
    },
    {
      "attackSpec": {
        "count": 1,
        "faces": 20,
        "modifier": 3,
      },
      "damageRiders": [],
      "damageSpec": {
        "count": 1,
        "faces": 1,
        "modifier": 0,
      },
      "damageType": "bludgeoning",
      "id": "unarmed",
      "kind": "unarmed",
      "magical": false,
      "name": "Unarmed Strike",
      "offHand": false,
    },
    {
      "attackSpec": {
        "count": 1,
        "faces": 20,
        "modifier": 0,
      },
      "damageRiders": [],
      "damageSpec": {
        "count": 1,
        "faces": 4,
        "modifier": 0,
      },
      "damageType": "bludgeoning",
      "id": "improvised",
      "kind": "improvised",
      "magical": false,
      "name": "Improvised Weapon",
      "offHand": false,
    },
  ],
  "attacksPerAction": 1,
  "attunementCap": 3,
  "availableActions": [
    {
      "cost": "bonusAction",
      "enabled": true,
      "key": "secondWind",
      "name": "Second Wind",
      "reminder": "Regain 1d10 + 1 HP",
      "resolverKind": "heal-roll",
    },
    {
      "cost": "bonusAction",
      "disabledReason": "Off-hand attack needs two Light weapons equipped.",
      "enabled": false,
      "key": "offHandAttack",
      "name": "Off-Hand Attack",
    },
  ],
  "background": "",
  "campaignId": undefined,
  "campaignPreferences": undefined,
  "carriedWeight": 0.2,
  "carryCapacity": 150,
  "class": "wizard",
  "classes": [
    {
      "classId": "class-snap-wizard",
      "id": "ce-snap-wiz",
      "level": 5,
      "name": "wizard",
      "needsSubclass": true,
      "subclass": undefined,
      "subclassId": undefined,
      "subclassUnavailable": false,
    },
    {
      "classId": "class-snap-fighter",
      "id": "ce-snap-ftr",
      "level": 1,
      "name": "fighter",
      "needsSubclass": false,
      "subclass": undefined,
      "subclassId": undefined,
      "subclassUnavailable": false,
    },
  ],
  "conditionImmunities": [],
  "conditions": {
    "active": [
      {
        "appliedAt": "2026-01-02T03:04:05.000Z",
        "key": "poisoned",
        "source": "Spider bite",
      },
    ],
    "exhaustion": 2,
    "suspended": [],
  },
  "critRange": 20,
  "currency": {
    "cp": 1,
    "gp": 3,
    "pp": 4,
    "sp": 2,
  },
  "currentLevelThreshold": 14000,
  "damageImmunities": [],
  "exhaustionEffectText": "−4 on d20 Tests; Speed −10 ft.",
  "experiencePoints": 14000,
  "fightingStyleGrantingClasses": [
    "Test Fighter (Snapshot Suite)",
  ],
  "fightingStyleSlots": {
    "total": 1,
    "used": 0,
  },
  "flySpeed": undefined,
  "grantedAdvantages": [],
  "grantedProficiencies": [],
  "hitDice": {
    "die": "d6",
    "spent": 1,
    "total": 5,
  },
  "hitPoints": {
    "current": 24,
    "deathSaves": {
      "failures": 0,
      "successes": 0,
    },
    "max": 32,
    "temp": 3,
  },
  "id": "snap-char-multi",
  "immuneConditions": [],
  "improvisedWeapon": {
    "attackBonus": 0,
    "damage": {
      "count": 1,
      "damageType": "bludgeoning",
      "faces": 4,
      "modifier": 0,
    },
    "proficient": false,
  },
  "initiativeBonus": 1,
  "inventory": [
    {
      "activated": undefined,
      "allowedSlots": [
        "MAIN_HAND",
        "OFF_HAND",
      ],
      "armor": undefined,
      "attuned": false,
      "attunementPrereqKind": undefined,
      "attunementPrereqText": undefined,
      "attunementPrereqValue": undefined,
      "capabilities": undefined,
      "category": "weapon",
      "charges": undefined,
      "consumable": undefined,
      "cost": undefined,
      "description": undefined,
      "equippable": true,
      "equipped": true,
      "equippedSlot": "MAIN_HAND",
      "id": "inv-sword",
      "itemId": undefined,
      "name": "Snapshot Longsword",
      "notes": undefined,
      "proficient": false,
      "quantity": 1,
      "rarity": undefined,
      "requiresAttunement": false,
      "slot": undefined,
      "weapon": {
        "ammunition": false,
        "attackBonus": 0,
        "attackBonusComponents": {
          "ability": "strength",
          "abilityMod": 0,
          "attackRollBonus": 0,
          "proficiencyBonus": 0,
          "rangedBonus": 0,
        },
        "damage": {
          "ability": "strength",
          "abilityModifier": 0,
          "damageDiceCount": 1,
          "damageDiceFaces": 8,
          "damageModifier": 0,
          "damageType": "slashing",
          "grip": "one-handed",
          "meleeDamageBonus": 0,
        },
        "damageDiceCount": 1,
        "damageDiceFaces": 8,
        "damageModifier": 0,
        "damageType": "slashing",
        "finesse": false,
        "heavy": false,
        "light": false,
        "rangeLong": undefined,
        "rangeNormal": undefined,
        "reach": false,
        "thrown": false,
        "twoHanded": false,
        "versatileDiceCount": 1,
        "versatileDiceFaces": 10,
        "weaponClass": "martial",
        "weaponRange": "melee",
      },
      "weaponBonded": false,
      "weight": undefined,
    },
    {
      "activated": undefined,
      "allowedSlots": [
        "OFF_HAND",
      ],
      "armor": {
        "armorCategory": "shield",
        "baseArmorClass": 2,
        "dexModifierApplies": false,
        "dexModifierMax": undefined,
        "stealthDisadvantage": false,
        "strengthRequirement": undefined,
      },
      "attuned": false,
      "attunementPrereqKind": undefined,
      "attunementPrereqText": undefined,
      "attunementPrereqValue": undefined,
      "capabilities": undefined,
      "category": "armor",
      "charges": undefined,
      "consumable": undefined,
      "cost": undefined,
      "description": undefined,
      "equippable": true,
      "equipped": true,
      "equippedSlot": "OFF_HAND",
      "id": "inv-shield",
      "itemId": undefined,
      "name": "Snapshot Shield",
      "notes": undefined,
      "proficient": false,
      "quantity": 1,
      "rarity": undefined,
      "requiresAttunement": false,
      "slot": undefined,
      "weapon": undefined,
      "weaponBonded": false,
      "weight": undefined,
    },
    {
      "activated": undefined,
      "allowedSlots": [
        "BODY",
      ],
      "armor": {
        "armorCategory": "light",
        "baseArmorClass": 11,
        "dexModifierApplies": true,
        "dexModifierMax": undefined,
        "stealthDisadvantage": false,
        "strengthRequirement": undefined,
      },
      "attuned": false,
      "attunementPrereqKind": undefined,
      "attunementPrereqText": undefined,
      "attunementPrereqValue": undefined,
      "capabilities": undefined,
      "category": "armor",
      "charges": undefined,
      "consumable": undefined,
      "cost": undefined,
      "description": undefined,
      "equippable": true,
      "equipped": true,
      "equippedSlot": "BODY",
      "id": "inv-armor",
      "itemId": undefined,
      "name": "Snapshot Leather",
      "notes": undefined,
      "proficient": false,
      "quantity": 1,
      "rarity": undefined,
      "requiresAttunement": false,
      "slot": undefined,
      "weapon": undefined,
      "weaponBonded": false,
      "weight": undefined,
    },
    {
      "activated": {
        "activation": "bonus",
        "active": true,
        "available": true,
        "maxUses": 1,
        "remainingUses": 0,
        "reminder": "Bonus action · lasts 10 minutes (toggle off manually)",
      },
      "allowedSlots": [
        "NECK",
      ],
      "armor": undefined,
      "attuned": false,
      "attunementPrereqKind": undefined,
      "attunementPrereqText": undefined,
      "attunementPrereqValue": undefined,
      "capabilities": [
        {
          "kind": "passiveBonus",
          "op": "add",
          "target": "skill",
          "targetKey": "athletics",
          "value": 1,
        },
        {
          "activatedDuration": "untilRest",
          "activation": "bonus",
          "durationText": "10 minutes",
          "kind": "activatedEffect",
          "op": "add",
          "resourceCharges": 1,
          "resourceKind": "perRest",
          "resourcePeriod": "long",
          "target": "speed",
          "value": 10,
        },
      ],
      "category": "gear",
      "charges": undefined,
      "consumable": undefined,
      "cost": undefined,
      "description": undefined,
      "equippable": false,
      "equipped": true,
      "equippedSlot": "NECK",
      "id": "inv-charm",
      "itemId": undefined,
      "name": "Charm of the Snapshot",
      "notes": undefined,
      "proficient": true,
      "quantity": 1,
      "rarity": "RARE",
      "requiresAttunement": false,
      "slot": "NECK",
      "weapon": undefined,
      "weaponBonded": false,
      "weight": undefined,
    },
    {
      "activated": undefined,
      "allowedSlots": [],
      "armor": undefined,
      "attuned": false,
      "attunementPrereqKind": undefined,
      "attunementPrereqText": undefined,
      "attunementPrereqValue": undefined,
      "capabilities": undefined,
      "category": "consumable",
      "charges": undefined,
      "consumable": {
        "effectDescription": "Heals 2d4+2.",
        "effectDiceCount": 2,
        "effectDiceFaces": 4,
        "effectModifier": 2,
        "maxUses": 1,
        "usesRemaining": 1,
      },
      "cost": undefined,
      "description": undefined,
      "equippable": false,
      "equipped": false,
      "equippedSlot": undefined,
      "id": "inv-potion",
      "itemId": undefined,
      "name": "Potion of Snapshots",
      "notes": undefined,
      "proficient": true,
      "quantity": 2,
      "rarity": undefined,
      "requiresAttunement": false,
      "slot": undefined,
      "weapon": undefined,
      "weaponBonded": false,
      "weight": undefined,
    },
  ],
  "journal": [
    {
      "body": "We reached the tower.",
      "date": "2026-01-05T00:00:00.000Z",
      "id": "snap-j1",
      "kind": "ENTRY",
      "loggedAt": "2026-01-05T18:30:00.000Z",
      "sessionId": undefined,
      "visibility": "PRIVATE",
    },
    {
      "body": "Buy more ink.",
      "date": "2026-01-03T00:00:00.000Z",
      "id": "snap-j2",
      "kind": "NOTE",
      "loggedAt": "2026-01-03T12:00:00.000Z",
      "sessionId": undefined,
      "visibility": "CAMPAIGN",
    },
  ],
  "level": 6,
  "name": "Snapshot Multiclass Caster",
  "nextLevelThreshold": 23000,
  "offHandLocked": false,
  "ownerId": "owner-serialize-snapshot",
  "pendingLevelUps": 1,
  "portraitUrl": undefined,
  "proficiencyBonus": 3,
  "race": "Elf",
  "resistances": [],
  "resources": {
    "choicesKnown": {},
    "expertiseChoiceCount": undefined,
    "expertiseKnown": [],
    "features": [
      {
        "description": "When you finish a Short Rest, you can choose expended spell slots to recover, their combined level no higher than half your Wizard level (rounded up) and none 6th level or higher. You can use this feature only once per Long Rest.",
        "level": 1,
        "name": "Arcane Recovery",
        "source": "class",
      },
      {
        "description": "Choose a fighting style specialty: Archery (+2 ranged attack rolls), Defense (+1 AC in armor), Dueling (+2 melee damage when only wielding one weapon), Great Weapon Fighting (reroll 1s and 2s on damage with two-handed weapons), Protection (impose disadvantage on attacks against adjacent allies), or Two-Weapon Fighting (add ability modifier to off-hand damage).",
        "level": 1,
        "name": "Fighting Style",
        "source": "class",
      },
      {
        "description": "As a bonus action, regain 1d10 + your fighter level HP. Regain use on a short or long rest.",
        "level": 1,
        "name": "Second Wind",
        "source": "class",
      },
      {
        "description": "You cast spells using Intelligence. Full-caster progression. You know three Wizard cantrips (one more at levels 4 and 10), replacing one on a Long Rest. Your spellbook holds your level 1+ spells: it starts with six 1st-level spells, and you add two spells of your choice whenever you gain a Wizard level after 1st. You regain all expended spell slots on a Long Rest, and you change your list of prepared spells whenever you finish a Long Rest.",
        "level": 1,
        "name": "Spellcasting",
        "source": "class",
      },
    ],
    "maneuverChoiceCount": undefined,
    "maneuversKnown": [],
    "pools": [
      {
        "description": "When you finish a Short Rest, you can choose expended spell slots to recover, their combined level no higher than half your Wizard level (rounded up) and none 6th level or higher. You can use this feature only once per Long Rest.",
        "die": undefined,
        "key": "arcaneRecovery",
        "label": "Arcane Recovery",
        "recharge": "longRest",
        "remaining": 1,
        "total": 1,
        "used": 0,
      },
      {
        "description": "As a bonus action, regain 1d10 + your fighter level HP. Regain use on a short or long rest.",
        "die": undefined,
        "key": "secondWind",
        "label": "Second Wind",
        "recharge": "short-or-long",
        "remaining": 1,
        "total": 1,
        "used": 0,
      },
    ],
    "subclassChoices": [],
    "toolProfChoiceCount": undefined,
    "toolProficienciesKnown": [],
  },
  "rollModifiers": [
    {
      "kind": "attack",
      "mode": "disadvantage",
      "source": "Poisoned",
    },
    {
      "kind": "check",
      "mode": "disadvantage",
      "source": "Poisoned",
    },
    {
      "kind": "initiative",
      "mode": "disadvantage",
      "source": "Poisoned",
    },
    {
      "kind": "attack",
      "mode": "flat",
      "modifier": -4,
      "source": "Exhaustion",
    },
    {
      "kind": "check",
      "mode": "flat",
      "modifier": -4,
      "source": "Exhaustion",
    },
    {
      "kind": "save",
      "mode": "flat",
      "modifier": -4,
      "source": "Exhaustion",
    },
    {
      "kind": "initiative",
      "mode": "flat",
      "modifier": -4,
      "source": "Exhaustion",
    },
    {
      "ability": "strength",
      "kind": "save",
      "mode": "advantage",
      "source": "Heroic Chant",
    },
  ],
  "rulesEdition": "EDITION_2024",
  "rulesEditionLabel": "2024 rules",
  "savingThrowProficiencies": [
    "intelligence",
    "wisdom",
  ],
  "skills": [
    {
      "ability": "strength",
      "expertise": false,
      "name": "athletics",
      "proficient": false,
      "tempModifier": 3,
      "tempModifierSources": [
        {
          "label": "Heroic Chant",
          "value": 2,
        },
        {
          "label": "Charm of the Snapshot",
          "value": 1,
        },
      ],
    },
    {
      "ability": "intelligence",
      "expertise": false,
      "name": "arcana",
      "proficient": true,
    },
    {
      "ability": "wisdom",
      "expertise": false,
      "name": "animalHandling",
      "proficient": false,
    },
  ],
  "speciesTraits": [],
  "speed": 30,
  "spellcasting": {
    "ability": "intelligence",
    "alwaysAvailableLabel": "Always prepared",
    "arcana": [],
    "casterModel": "prepared",
    "classes": [
      {
        "ability": "intelligence",
        "casterFraction": "full",
        "className": "wizard",
        "spellAttackBonus": 6,
        "spellSaveDC": 14,
        "subclass": null,
      },
    ],
    "concentratingOn": {
      "entryId": "sp-fireball",
      "spellName": "Fireball",
    },
    "pact": null,
    "preparedLabel": "Prepared",
    "preparedSpellCount": 1,
    "preparedSpellLimit": 9,
    "slots": [
      {
        "level": 1,
        "total": 4,
        "used": 2,
      },
      {
        "level": 2,
        "total": 3,
        "used": 1,
      },
      {
        "level": 3,
        "total": 2,
        "used": 2,
      },
    ],
    "spellAttackBonus": 6,
    "spellSaveDC": 14,
    "spells": [
      {
        "castCost": "action",
        "castingTime": "1 action",
        "description": "Boom.",
        "duration": "Instantaneous",
        "effect": {
          "addAbilityModToHeal": false,
          "attackType": null,
          "buffModifier": null,
          "buffTarget": null,
          "concentration": undefined,
          "damageType": null,
          "dice": undefined,
          "effectType": "utility",
          "modifierSource": null,
          "saveAbility": null,
          "saveEffect": null,
          "scaling": {
            "mode": "none",
          },
        },
        "effectRolls": [],
        "id": "sp-fireball",
        "level": 3,
        "name": "Fireball",
        "prepared": true,
        "range": "150 feet",
        "school": "evocation",
      },
      {
        "castCost": "action",
        "castingTime": "1 action",
        "description": "AC 13 + Dex.",
        "duration": "8 hours",
        "effect": {
          "addAbilityModToHeal": false,
          "attackType": null,
          "buffModifier": null,
          "buffTarget": null,
          "concentration": undefined,
          "damageType": null,
          "dice": undefined,
          "effectType": "utility",
          "modifierSource": null,
          "saveAbility": null,
          "saveEffect": null,
          "scaling": {
            "mode": "none",
          },
        },
        "effectRolls": [],
        "id": "sp-mage-armor",
        "level": 1,
        "name": "Mage Armor",
        "prepared": false,
        "range": "Touch",
        "school": "abjuration",
      },
    ],
  },
  "subclass": undefined,
  "subclassId": undefined,
  "toolProficiencies": [
    {
      "category": "other",
      "name": "Herbalism Kit",
      "source": "background",
    },
  ],
  "unarmedStrike": {
    "attackBonus": 3,
    "damage": {
      "count": 1,
      "damageType": "bludgeoning",
      "faces": 1,
      "modifier": 0,
    },
    "magical": false,
  },
  "weaponBondCap": 2,
  "weaponProficiencies": [],
}
`;

exports[`serializeCharacter snapshot lock (#1003) > single-class non-caster control with resource clamps 1`] = `
{
  "abilityScores": {
    "charisma": 8,
    "constitution": 14,
    "dexterity": 14,
    "intelligence": 10,
    "strength": 16,
    "wisdom": 12,
  },
  "activeEffects": {
    "buffs": [],
  },
  "advancementSlots": {
    "total": 1,
    "used": 1,
  },
  "advancements": [
    {
      "abilityDeltas": {
        "strength": 2,
      },
      "hpDelta": 0,
      "id": "adv-asi",
      "initDelta": 0,
      "kind": "asi",
      "level": 4,
    },
  ],
  "alignment": "Lawful Good",
  "armorClass": 12,
  "armorClassBreakdown": [
    {
      "label": "Unarmored",
      "value": 10,
    },
    {
      "label": "Dex",
      "value": 2,
    },
  ],
  "armorProficiencies": [],
  "attackRows": [
    {
      "attackSpec": {
        "count": 1,
        "faces": 20,
        "modifier": 6,
      },
      "damageRiders": [],
      "damageSpec": {
        "count": 1,
        "faces": 1,
        "modifier": 3,
      },
      "damageType": "bludgeoning",
      "id": "unarmed",
      "kind": "unarmed",
      "magical": false,
      "name": "Unarmed Strike",
      "offHand": false,
    },
    {
      "attackSpec": {
        "count": 1,
        "faces": 20,
        "modifier": 3,
      },
      "damageRiders": [],
      "damageSpec": {
        "count": 1,
        "faces": 4,
        "modifier": 3,
      },
      "damageType": "bludgeoning",
      "id": "improvised",
      "kind": "improvised",
      "magical": false,
      "name": "Improvised Weapon",
      "offHand": false,
    },
  ],
  "attacksPerAction": 2,
  "attunementCap": 3,
  "availableActions": [
    {
      "cost": "bonusAction",
      "enabled": true,
      "key": "secondWind",
      "name": "Second Wind",
      "reminder": "Regain 1d10 + 5 HP",
      "resolverKind": "heal-roll",
    },
    {
      "cost": "special",
      "enabled": true,
      "key": "actionSurge",
      "name": "Action Surge",
      "resolverKind": "simple-confirm",
    },
    {
      "cost": "bonusAction",
      "disabledReason": "Off-hand attack needs two Light weapons equipped.",
      "enabled": false,
      "key": "offHandAttack",
      "name": "Off-Hand Attack",
    },
  ],
  "background": "",
  "campaignId": undefined,
  "campaignPreferences": undefined,
  "carriedWeight": 0,
  "carryCapacity": 240,
  "class": "fighter",
  "classes": [
    {
      "classId": "class-snap-fighter",
      "id": "ce-snap-simple",
      "level": 5,
      "name": "fighter",
      "needsSubclass": false,
      "subclass": "battle master",
      "subclassId": "subclass-snap-battle-master",
      "subclassUnavailable": false,
    },
  ],
  "conditionImmunities": [],
  "conditions": {
    "active": [],
    "exhaustion": 0,
    "suspended": [],
  },
  "critRange": 20,
  "currency": {
    "cp": 0,
    "gp": 0,
    "pp": 0,
    "sp": 0,
  },
  "currentLevelThreshold": 6500,
  "damageImmunities": [],
  "exhaustionEffectText": "No exhaustion.",
  "experiencePoints": 6500,
  "fightingStyleGrantingClasses": [
    "Test Fighter (Snapshot Suite)",
  ],
  "fightingStyleSlots": {
    "total": 1,
    "used": 0,
  },
  "flySpeed": undefined,
  "grantedAdvantages": [],
  "grantedProficiencies": [],
  "hitDice": {
    "die": "d10",
    "spent": 2,
    "total": 5,
  },
  "hitPoints": {
    "current": 44,
    "deathSaves": {
      "failures": 0,
      "successes": 0,
    },
    "max": 44,
    "temp": 0,
  },
  "id": "snap-char-simple",
  "immuneConditions": [],
  "improvisedWeapon": {
    "attackBonus": 3,
    "damage": {
      "count": 1,
      "damageType": "bludgeoning",
      "faces": 4,
      "modifier": 3,
    },
    "proficient": false,
  },
  "initiativeBonus": 0,
  "inventory": [],
  "journal": [],
  "level": 5,
  "maneuvers": {
    "saveDC": 14,
  },
  "name": "Snapshot Simple Fighter",
  "nextLevelThreshold": 14000,
  "offHandLocked": false,
  "ownerId": "owner-serialize-snapshot",
  "pendingLevelUps": 0,
  "portraitUrl": undefined,
  "proficiencyBonus": 3,
  "race": "",
  "resistances": [],
  "resources": {
    "choicesKnown": {},
    "expertiseChoiceCount": undefined,
    "expertiseKnown": [],
    "features": [
      {
        "description": "Choose a fighting style specialty: Archery (+2 ranged attack rolls), Defense (+1 AC in armor), Dueling (+2 melee damage when only wielding one weapon), Great Weapon Fighting (reroll 1s and 2s on damage with two-handed weapons), Protection (impose disadvantage on attacks against adjacent allies), or Two-Weapon Fighting (add ability modifier to off-hand damage).",
        "level": 1,
        "name": "Fighting Style",
        "source": "class",
      },
      {
        "description": "As a bonus action, regain 1d10 + your fighter level HP. Regain use on a short or long rest.",
        "level": 1,
        "name": "Second Wind",
        "source": "class",
      },
      {
        "description": "Take one additional action on your turn. Regain use(s) on a short or long rest. You have 2 uses starting at level 17.",
        "level": 2,
        "name": "Action Surge",
        "source": "class",
      },
      {
        "description": "You learn maneuvers fueled by Superiority Dice. You have 4 d8s (5 at level 7, 6 at level 15), and you know 3 maneuvers (5 at level 7, 7 at level 10, 9 at level 15). The save DC for a maneuver that requires one equals 8 + your Proficiency Bonus + your Strength or Dexterity modifier. You regain all expended dice on a short or long rest.",
        "level": 3,
        "name": "Combat Superiority",
        "source": "subclass",
      },
      {
        "description": "You gain proficiency with one type of artisan's tools of your choice, and you gain proficiency in one skill of your choice from the Fighter's level 1 skill list.",
        "level": 3,
        "name": "Student of War",
        "source": "subclass",
      },
      {
        "description": "You can attack twice when taking the Attack action. Three times at level 11; four times at level 20.",
        "level": 5,
        "name": "Extra Attack",
        "source": "class",
      },
    ],
    "maneuverChoiceCount": 3,
    "maneuversKnown": [
      {
        "description": "Counter.",
        "effect": {
          "addAbilityModToHeal": false,
          "attackType": null,
          "buffModifier": null,
          "buffTarget": null,
          "concentration": undefined,
          "damageType": null,
          "dice": {
            "count": 1,
            "faces": 8,
            "modifier": 0,
          },
          "effectType": "utility",
          "modifierSource": null,
          "saveAbility": null,
          "saveEffect": null,
          "scaling": {
            "mode": "none",
          },
        },
        "id": "m1",
        "name": "Riposte",
      },
      {
        "description": "Prone.",
        "effect": {
          "addAbilityModToHeal": false,
          "attackType": null,
          "buffModifier": null,
          "buffTarget": null,
          "concentration": undefined,
          "damageType": null,
          "dice": {
            "count": 1,
            "faces": 8,
            "modifier": 0,
          },
          "effectType": "utility",
          "modifierSource": null,
          "saveAbility": null,
          "saveEffect": null,
          "scaling": {
            "mode": "none",
          },
        },
        "id": "m2",
        "name": "Trip Attack",
      },
      {
        "description": "Frighten.",
        "effect": {
          "addAbilityModToHeal": false,
          "attackType": null,
          "buffModifier": null,
          "buffTarget": null,
          "concentration": undefined,
          "damageType": null,
          "dice": {
            "count": 1,
            "faces": 8,
            "modifier": 0,
          },
          "effectType": "utility",
          "modifierSource": null,
          "saveAbility": null,
          "saveEffect": null,
          "scaling": {
            "mode": "none",
          },
        },
        "id": "m3",
        "name": "Menacing Attack",
      },
    ],
    "pools": [
      {
        "description": "As a bonus action, regain 1d10 + your fighter level HP. Regain use on a short or long rest.",
        "die": undefined,
        "key": "secondWind",
        "label": "Second Wind",
        "recharge": "short-or-long",
        "remaining": 1,
        "total": 1,
        "used": 0,
      },
      {
        "description": "Take one additional action on your turn. Regain use(s) on a short or long rest. You have 2 uses starting at level 17.",
        "die": undefined,
        "key": "actionSurge",
        "label": "Action Surge",
        "recharge": "short-or-long",
        "remaining": 1,
        "total": 1,
        "used": 0,
      },
      {
        "description": "You learn maneuvers fueled by Superiority Dice. You have 4 d8s (5 at level 7, 6 at level 15), and you know 3 maneuvers (5 at level 7, 7 at level 10, 9 at level 15). The save DC for a maneuver that requires one equals 8 + your Proficiency Bonus + your Strength or Dexterity modifier. You regain all expended dice on a short or long rest.",
        "die": "d8",
        "key": "superiorityDice",
        "label": "Superiority Dice",
        "recharge": "short-or-long",
        "remaining": 0,
        "total": 4,
        "used": 4,
      },
    ],
    "subclassChoices": [],
    "toolProfChoiceCount": 1,
    "toolProficienciesKnown": [
      {
        "id": "tp1",
        "name": "Smith's Tools",
      },
    ],
  },
  "rollModifiers": [],
  "rulesEdition": "EDITION_2024",
  "rulesEditionLabel": "2024 rules",
  "savingThrowProficiencies": [
    "strength",
    "constitution",
  ],
  "skills": [
    {
      "ability": "strength",
      "expertise": false,
      "name": "athletics",
      "proficient": true,
    },
    {
      "ability": "charisma",
      "expertise": false,
      "name": "intimidation",
      "proficient": false,
    },
  ],
  "speciesTraits": [],
  "speed": 30,
  "spellcasting": undefined,
  "subclass": "battle master",
  "subclassId": "subclass-snap-battle-master",
  "toolProficiencies": [
    {
      "category": "artisan",
      "name": "Smith's Tools",
      "source": "subclass",
    },
  ],
  "unarmedStrike": {
    "attackBonus": 6,
    "damage": {
      "count": 1,
      "damageType": "bludgeoning",
      "faces": 1,
      "modifier": 3,
    },
    "magical": false,
  },
  "weaponBondCap": 2,
  "weaponProficiencies": [],
}
`;
